Watching for file changes with StatReloader
Not Found: /
[16/Sep/2026 09:03:00] "GET / HTTP/1.1" 404 2066
Not Found: /favicon.ico
[16/Sep/2026 09:03:00] "GET /favicon.ico HTTP/1.1" 404 2117
[16/Sep/2026 09:06:20] "OPTIONS /api/login/ HTTP/1.1" 200 0
[16/Sep/2026 09:06:21] "POST /api/login/ HTTP/1.1" 200 381
[16/Sep/2026 09:06:21] "OPTIONS /api/quartos/?status=Disponivel HTTP/1.1" 200 0
[16/Sep/2026 09:06:21] "OPTIONS /api/barcos/?status=Dispon%C3%ADvel HTTP/1.1" 200 0
[16/Sep/2026 09:06:21] "OPTIONS /api/barcos/?status=Dispon%C3%ADvel HTTP/1.1" 200 0
[16/Sep/2026 09:06:21] "OPTIONS /api/agenda/ HTTP/1.1" 200 0
[16/Sep/2026 09:06:21] "OPTIONS /api/agenda/ HTTP/1.1" 200 0
[16/Sep/2026 09:06:21] "OPTIONS /api/quartos/?status=Disponivel HTTP/1.1" 200 0
[16/Sep/2026 09:06:21] "GET /api/quartos/?status=Disponivel HTTP/1.1" 200 1365
[16/Sep/2026 09:06:21] "GET /api/barcos/?status=Dispon%C3%ADvel HTTP/1.1" 200 878
[16/Sep/2026 09:06:21] "GET /api/agenda/ HTTP/1.1" 200 5485
[16/Sep/2026 09:06:21] "GET /api/quartos/?status=Disponivel HTTP/1.1" 200 1365
[16/Sep/2026 09:06:21] "GET /api/barcos/?status=Dispon%C3%ADvel HTTP/1.1" 200 878
[16/Sep/2026 09:06:21] "GET /api/agenda/ HTTP/1.1" 200 5485
[16/Sep/2026 09:06:49] "OPTIONS /api/quartos/?status=Dispon%C3%ADvel HTTP/1.1" 200 0
[16/Sep/2026 09:06:49] "OPTIONS /api/quartos/?status=Dispon%C3%ADvel HTTP/1.1" 200 0
[16/Sep/2026 09:06:49] "GET /api/quartos/?status=Dispon%C3%ADvel HTTP/1.1" 200 1365
[16/Sep/2026 09:06:49] "GET /api/quartos/?status=Dispon%C3%ADvel HTTP/1.1" 200 1365
[16/Sep/2026 09:06:55] "OPTIONS /api/quartos/?status=Manuten%C3%A7%C3%A3o HTTP/1.1" 200 0
[16/Sep/2026 09:06:55] "GET /api/quartos/?status=Manuten%C3%A7%C3%A3o HTTP/1.1" 200 280
[16/Sep/2026 09:06:56] "GET /api/quartos/?status=Dispon%C3%ADvel HTTP/1.1" 200 1365
[16/Sep/2026 09:06:57] "OPTIONS /api/barcos/?status=Todos HTTP/1.1" 200 0
[16/Sep/2026 09:06:57] "OPTIONS /api/barcos/?status=Todos HTTP/1.1" 200 0
[16/Sep/2026 09:06:57] "GET /api/barcos/?status=Todos HTTP/1.1" 200 878
[16/Sep/2026 09:06:57] "GET /api/barcos/?status=Todos HTTP/1.1" 200 878
[16/Sep/2026 09:07:35] "GET /api/barcos/?status=Dispon%C3%ADvel HTTP/1.1" 200 878
[16/Sep/2026 09:07:36] "OPTIONS /api/barcos/?status=Manuten%C3%A7%C3%A3o HTTP/1.1" 200 0
[16/Sep/2026 09:07:36] "GET /api/barcos/?status=Manuten%C3%A7%C3%A3o HTTP/1.1" 200 29
[16/Sep/2026 09:07:37] "OPTIONS /api/barcos/?status=Bloqueado HTTP/1.1" 200 0
[16/Sep/2026 09:07:37] "GET /api/barcos/?status=Bloqueado HTTP/1.1" 200 29
[16/Sep/2026 09:07:38] "GET /api/barcos/?status=Dispon%C3%ADvel HTTP/1.1" 200 878
[16/Sep/2026 09:07:38] "GET /api/barcos/?status=Todos HTTP/1.1" 200 878
[16/Sep/2026 09:07:44] "OPTIONS /api/barcos/1/ HTTP/1.1" 200 0
[16/Sep/2026 09:07:44] "PUT /api/barcos/1/ HTTP/1.1" 200 252
[16/Sep/2026 09:07:48] "GET /api/barcos/?status=Dispon%C3%ADvel HTTP/1.1" 200 670
[16/Sep/2026 09:07:49] "GET /api/barcos/?status=Manuten%C3%A7%C3%A3o HTTP/1.1" 200 240
[16/Sep/2026 09:07:51] "GET /api/barcos/?status=Bloqueado HTTP/1.1" 200 29
[16/Sep/2026 09:07:52] "GET /api/barcos/?status=Dispon%C3%ADvel HTTP/1.1" 200 670
[16/Sep/2026 09:07:52] "GET /api/barcos/?status=Todos HTTP/1.1" 200 883
[16/Sep/2026 09:07:56] "PUT /api/barcos/1/ HTTP/1.1" 200 241
[16/Sep/2026 09:08:01] "OPTIONS /api/barcos/2/ HTTP/1.1" 200 0
[16/Sep/2026 09:08:02] "PUT /api/barcos/2/ HTTP/1.1" 200 255
[16/Sep/2026 09:08:16] "OPTIONS /api/gestao/indicadores/?ano=2026 HTTP/1.1" 200 0
[16/Sep/2026 09:08:16] "OPTIONS /api/gestao/indicadores/?ano=2026 HTTP/1.1" 200 0
[16/Sep/2026 09:08:16] "GET /api/gestao/indicadores/?ano=2026 HTTP/1.1" 200 2474
[16/Sep/2026 09:08:16] "GET /api/gestao/indicadores/?ano=2026 HTTP/1.1" 200 2474
[16/Sep/2026 09:08:22] "OPTIONS /api/perfil/ HTTP/1.1" 200 0
[16/Sep/2026 09:08:22] "GET /api/perfil/ HTTP/1.1" 200 113
[16/Sep/2026 09:08:44] "OPTIONS /api/gestao/reservas-pendentes/ HTTP/1.1" 200 0
[16/Sep/2026 09:08:44] "GET /api/gestao/reservas-pendentes/ HTTP/1.1" 200 1449
[16/Sep/2026 09:08:47] "GET /api/gestao/indicadores/?ano=2026 HTTP/1.1" 200 2474
[16/Sep/2026 09:08:48] "OPTIONS /api/gestao/indicadores/?ano=2025 HTTP/1.1" 200 0
[16/Sep/2026 09:08:48] "GET /api/gestao/indicadores/?ano=2025 HTTP/1.1" 200 2508
[16/Sep/2026 09:08:50] "GET /api/gestao/reservas-pendentes/ HTTP/1.1" 200 1449
[16/Sep/2026 09:08:53] "OPTIONS /api/gestao/indicadores/?ano=2023 HTTP/1.1" 200 0
[16/Sep/2026 09:08:54] "GET /api/gestao/indicadores/?ano=2023 HTTP/1.1" 200 2391
[16/Sep/2026 09:08:57] "OPTIONS /api/gestao/indicadores/?ano=2024 HTTP/1.1" 200 0
[16/Sep/2026 09:08:57] "GET /api/gestao/indicadores/?ano=2024 HTTP/1.1" 200 2391
[16/Sep/2026 09:08:58] "GET /api/gestao/indicadores/?ano=2026 HTTP/1.1" 200 2474
[16/Sep/2026 09:09:01] "GET /api/quartos/?status=Disponivel HTTP/1.1" 200 1365
[16/Sep/2026 09:09:01] "GET /api/barcos/?status=Dispon%C3%ADvel HTTP/1.1" 200 459
[16/Sep/2026 09:09:01] "GET /api/agenda/ HTTP/1.1" 200 5485
[16/Sep/2026 09:09:01] "GET /api/quartos/?status=Disponivel HTTP/1.1" 200 1365
[16/Sep/2026 09:09:02] "GET /api/agenda/ HTTP/1.1" 200 5485
[16/Sep/2026 09:09:02] "GET /api/barcos/?status=Dispon%C3%ADvel HTTP/1.1" 200 459
[16/Sep/2026 09:09:07] "OPTIONS /api/hospedes/?status=Ativo&page=1&limit=10 HTTP/1.1" 200 0
[16/Sep/2026 09:09:07] "OPTIONS /api/hospedes/?status=Ativo&page=1&limit=10 HTTP/1.1" 200 0
[16/Sep/2026 09:09:07] "GET /api/hospedes/?status=Ativo&page=1&limit=10 HTTP/1.1" 200 4794
[16/Sep/2026 09:09:07] "GET /api/hospedes/?status=Ativo&page=1&limit=10 HTTP/1.1" 200 4794
[16/Sep/2026 09:09:15] "GET /api/quartos/?status=Disponivel HTTP/1.1" 200 1365
[16/Sep/2026 09:09:15] "GET /api/barcos/?status=Dispon%C3%ADvel HTTP/1.1" 200 459
[16/Sep/2026 09:09:15] "GET /api/agenda/ HTTP/1.1" 200 5485
[16/Sep/2026 09:09:15] "GET /api/barcos/?status=Dispon%C3%ADvel HTTP/1.1" 200 459
[16/Sep/2026 09:09:15] "GET /api/quartos/?status=Disponivel HTTP/1.1" 200 1365
[16/Sep/2026 09:09:15] "GET /api/agenda/ HTTP/1.1" 200 5485
[16/Sep/2026 09:10:03] "OPTIONS /api/agenda/detalhes/10/ HTTP/1.1" 200 0
[16/Sep/2026 09:10:03] "OPTIONS /api/agenda/detalhes/10/ HTTP/1.1" 200 0
[16/Sep/2026 09:10:03] "GET /api/agenda/detalhes/10/ HTTP/1.1" 200 808
[16/Sep/2026 09:10:04] "GET /api/agenda/detalhes/10/ HTTP/1.1" 200 808
[16/Sep/2026 09:10:09] "GET /api/agenda/detalhes/10/ HTTP/1.1" 200 808
[16/Sep/2026 09:10:10] "GET /api/agenda/detalhes/10/ HTTP/1.1" 200 808
[16/Sep/2026 09:10:12] "OPTIONS /api/agenda/update-status/10/ HTTP/1.1" 200 0
[16/Sep/2026 09:10:12] "PATCH /api/agenda/update-status/10/ HTTP/1.1" 200 804
[16/Sep/2026 09:10:15] "OPTIONS /api/tipos-passeio/?ativo=Ativo HTTP/1.1" 200 0
[16/Sep/2026 09:10:15] "OPTIONS /api/tipos-passeio/?ativo=Ativo HTTP/1.1" 200 0
[16/Sep/2026 09:10:15] "GET /api/quartos/?status=Disponivel HTTP/1.1" 200 1365
[16/Sep/2026 09:10:15] "GET /api/barcos/?status=Dispon%C3%ADvel HTTP/1.1" 200 459
[16/Sep/2026 09:10:15] "GET /api/hospedes/?status=Ativo&page=1&limit=10 HTTP/1.1" 200 4794
[16/Sep/2026 09:10:15] "GET /api/tipos-passeio/?ativo=Ativo HTTP/1.1" 200 1233
[16/Sep/2026 09:10:16] "GET /api/tipos-passeio/?ativo=Ativo HTTP/1.1" 200 1233
[16/Sep/2026 09:10:16] "GET /api/hospedes/?status=Ativo&page=1&limit=10 HTTP/1.1" 200 4794
[16/Sep/2026 09:10:16] "GET /api/quartos/?status=Disponivel HTTP/1.1" 200 1365
[16/Sep/2026 09:10:16] "GET /api/barcos/?status=Dispon%C3%ADvel HTTP/1.1" 200 459
[16/Sep/2026 09:10:16] "OPTIONS /api/barcos/?status=Dispon%C3%ADvel&data_embarque=2026-07-27&data_desembarque=2026-08-07&reserva_id=10 HTTP/1.1" 200 0
[16/Sep/2026 09:10:16] "GET /api/barcos/?status=Dispon%C3%ADvel&data_embarque=2026-07-27&data_desembarque=2026-08-07&reserva_id=10 HTTP/1.1" 200 268
[16/Sep/2026 09:10:20] "GET /api/agenda/detalhes/10/ HTTP/1.1" 200 804
[16/Sep/2026 09:10:20] "GET /api/agenda/detalhes/10/ HTTP/1.1" 200 804
[16/Sep/2026 09:10:27] "PATCH /api/agenda/update-status/10/ HTTP/1.1" 200 807
[16/Sep/2026 09:10:29] "GET /api/hospedes/?status=Ativo&page=1&limit=10 HTTP/1.1" 200 4794
[16/Sep/2026 09:10:29] "GET /api/tipos-passeio/?ativo=Ativo HTTP/1.1" 200 1233
[16/Sep/2026 09:10:29] "GET /api/quartos/?status=Disponivel HTTP/1.1" 200 1365
[16/Sep/2026 09:10:29] "GET /api/barcos/?status=Dispon%C3%ADvel HTTP/1.1" 200 459
[16/Sep/2026 09:10:29] "GET /api/tipos-passeio/?ativo=Ativo HTTP/1.1" 200 1233
[16/Sep/2026 09:10:29] "GET /api/quartos/?status=Disponivel HTTP/1.1" 200 1365
[16/Sep/2026 09:10:29] "GET /api/hospedes/?status=Ativo&page=1&limit=10 HTTP/1.1" 200 4794
[16/Sep/2026 09:10:29] "GET /api/barcos/?status=Dispon%C3%ADvel HTTP/1.1" 200 459
[16/Sep/2026 09:10:29] "GET /api/barcos/?status=Dispon%C3%ADvel&data_embarque=2026-07-27&data_desembarque=2026-08-07&reserva_id=10 HTTP/1.1" 200 268
